src/modules/auth/auth.service.ts(190,14): error TS2322: Type '{ id: string; mobile: string | null; email: string | null; accountStatus: AccountStatus; kycStatus: KycStatus; role: UserRole; }' is not assignable to type '{ id: string; mobile: string; email: string | null; role: string; accountStatus: string; kycStatus: string; }'.
  Types of property 'mobile' are incompatible.
    Type 'string | null' is not assignable to type 'string'.
      Type 'null' is not assignable to type 'string'.
src/modules/auth/auth.service.ts(245,58): error TS2345: Argument of type 'string | null' is not assignable to parameter of type 'string'.
  Type 'null' is not assignable to type 'string'.
src/modules/auth/auth.service.ts(276,17): error TS2322: Type 'string | null' is not assignable to type 'string'.
  Type 'null' is not assignable to type 'string'.
src/modules/auth/auth.service.ts(294,13): error TS2322: Type 'string | null' is not assignable to type 'string'.
  Type 'null' is not assignable to type 'string'.
src/modules/auth/auth.service.ts(346,14): error TS2322: Type '{ id: string; mobile: string | null; email: string | null; accountStatus: AccountStatus; kycStatus: KycStatus; role: UserRole; }' is not assignable to type '{ id: string; mobile: string; email: string | null; role: string; accountStatus: string; kycStatus: string; }'.
  Types of property 'mobile' are incompatible.
    Type 'string | null' is not assignable to type 'string'.
      Type 'null' is not assignable to type 'string'.
src/modules/notification/notification.service.ts(35,9): error TS2322: Type '{ mobile: string | null; email: string | null; } | null' is not assignable to type 'UserContact | null'.
  Type '{ mobile: string | null; email: string | null; }' is not assignable to type 'UserContact'.
    Types of property 'mobile' are incompatible.
      Type 'string | null' is not assignable to type 'string'.
        Type 'null' is not assignable to type 'string'.
src/modules/users/users.service.ts(43,9): error TS2322: Type 'string | null' is not assignable to type 'string'.
  Type 'null' is not assignable to type 'string'.
src/modules/wallet/tds.certificate.ts(107,13): error TS2322: Type 'string | null' is not assignable to type 'string'.
  Type 'null' is not assignable to type 'string'.
